#
# There is insufficient memory for the Java Runtime Environment to continue.
# Native memory allocation (mmap) failed to map 67108864 bytes. Error detail: G1 virtual space
# Possible reasons:
#   The system is out of physical RAM or swap space
#   This process is running with CompressedOops enabled, and the Java Heap may be blocking the growth of the native heap
# Possible solutions:
#   Reduce memory load on the system
#   Increase physical memory or swap space
#   Check if swap backing store is full
#   Decrease Java heap size (-Xmx/-Xms)
#   Decrease number of Java threads
#   Decrease Java thread stack sizes (-Xss)
#   Set larger code cache with -XX:ReservedCodeCacheSize=
#   JVM is running with Unscaled Compressed Oops mode in which the Java heap is
#     placed in the first 4GB address space. The Java Heap base address is the
#     maximum limit for the native heap growth. Please use -XX:HeapBaseMinAddress
#     to set the Java Heap base and to place the Java Heap above 4GB virtual address.
# This output file may be truncated or incomplete.
#
#  Out of Memory Error (os_windows.cpp:3690), pid=10108, tid=3100
#
# JRE version:  (17.0.19+10) (build )
# Java VM: OpenJDK 64-Bit Server VM (17.0.19+10-LTS, mixed mode, sharing, tiered, compressed oops, compressed class ptrs, g1 gc, windows-amd64)
# No core dump will be written. Minidumps are not enabled by default on client versions of Windows
#

---------------  S U M M A R Y ------------

Command Line: -Xmx64m -Xms64m -Dorg.gradle.appname=gradlew D:\Swizerfashion\android\\gradle\wrapper\gradle-wrapper.jar clean

Host: AMD Ryzen 3 7320U with Radeon Graphics         , 8 cores, 7G,  Windows 11 , 64 bit Build 26100 (10.0.26100.8521)
Time: Mon Jul 13 16:46:39 2026 India Standard Time elapsed time: 2.033101 seconds (0d 0h 0m 2s)

---------------  T H R E A D  ---------------

Current thread (0x00000214b0b74bc0):  JavaThread "Unknown thread" [_thread_in_vm, id=3100, stack(0x0000002664d00000,0x0000002664e00000)]

Stack: [0x0000002664d00000,0x0000002664e00000]
Native frames: (J=compiled Java code, j=interpreted, Vv=VM code, C=native code)
V  [jvm.dll+0x68cc89]  (no source info available)
V  [jvm.dll+0x845d89]  (no source info available)
V  [jvm.dll+0x847af8]  (no source info available)
V  [jvm.dll+0x848183]  (no source info available)
V  [jvm.dll+0x24d0bf]  (no source info available)
V  [jvm.dll+0x68c089]  (no source info available)
V  [jvm.dll+0x68064a]  (no source info available)
V  [jvm.dll+0x3102f0]  (no source info available)
V  [jvm.dll+0x310192]  (no source info available)
V  [jvm.dll+0x317709]  (no source info available)
V  [jvm.dll+0x369b09]  (no source info available)
V  [jvm.dll+0x369d3d]  (no source info available)
V  [jvm.dll+0x2e6afa]  (no source info available)
V  [jvm.dll+0x2e7a08]  (no source info available)
V  [jvm.dll+0x818b2e]  (no source info available)
V  [jvm.dll+0x377771]  (no source info available)
V  [jvm.dll+0x7f7175]  (no source info available)
V  [jvm.dll+0x3fd5eb]  (no source info available)
V  [jvm.dll+0x3ff221]  (no source info available)
C  [jli.dll+0x52f8]  (no source info available)
C  [ucrtbase.dll+0x2cd30]  (no source info available)
C  [KERNEL32.DLL+0x2e957]  (no source info available)
C  [ntdll.dll+0x87c1c]  (no source info available)


---------------  P R O C E S S  ---------------

Threads class SMR info:
_java_thread_list=0x00007ffe9a017058, length=0, elements={
}

Java Threads: ( => current thread )

Other Threads:
  0x00000214b0b97110 GCTaskThread "GC Thread#0" [stack: 0x0000002664e00000,0x0000002664f00000] [id=19448]
  0x00000214b0b98870 ConcurrentGCThread "G1 Main Marker" [stack: 0x0000002664f00000,0x0000002665000000] [id=17988]
  0x00000214b0b9be20 ConcurrentGCThread "G1 Conc#0" [stack: 0x0000002665000000,0x0000002665100000] [id=19196]

[error occurred during error reporting (printing all threads), id 0xc0000005, EXCEPTION_ACCESS_VIOLATION (0xc0000005) at pc=0x00007ffe997c7637]

VM state: not at safepoint (not fully initialized)

VM Mutex/Monitor currently owned by a thread:  ([mutex/lock_event])
[0x00000214b0b71580] Heap_lock - owner thread: 0x00000214b0b74bc0

Heap address: 0x00000000fc000000, size: 64 MB, Compressed Oops mode: 32-bit

CDS archive(s) mapped at: [0x0000000000000000-0x0000000000000000-0x0000000000000000), size 0, SharedBaseAddress: 0x0000000800000000, ArchiveRelocationMode: 1.
Narrow klass base: 0x0000000000000000, Narrow klass shift: 0, Narrow klass range: 0x0

GC Precious Log:
<Empty>

Heap:
 garbage-first heap   total 0K, used 0K [0x00000000fc000000, 0x0000000100000000)
  region size 1024K, 0 young (0K), 0 survivors (0K)

[error occurred during error reporting (printing heap information), id 0xc0000005, EXCEPTION_ACCESS_VIOLATION (0xc0000005) at pc=0x00007ffe99bb8d39]

GC Heap History (0 events):
No events

Dll operation events (1 events):
Event: 0.014 Loaded shared library C:\Program Files\Microsoft\jdk-17.0.19.10-hotspot\bin\java.dll

Deoptimization events (0 events):
No events

Classes loaded (0 events):
No events

Classes unloaded (0 events):
No events

Classes redefined (0 events):
No events

Internal exceptions (0 events):
No events

VM Operations (0 events):
No events

Memory protections (0 events):
No events

Nmethod flushes (0 events):
No events

Events (0 events):
No events


Dynamic libraries:
0x00007ff7d45c0000 - 0x00007ff7d45ce000 	C:\Program Files\Microsoft\jdk-17.0.19.10-hotspot\bin\java.exe
0x00007fff61880000 - 0x00007fff61ae6000 	C:\Windows\SYSTEM32\ntdll.dll
0x00007fff60a60000 - 0x00007fff60b29000 	C:\Windows\System32\KERNEL32.DLL
0x00007fff5f140000 - 0x00007fff5f53a000 	C:\Windows\System32\KERNELBASE.dll
0x00007fff5ec60000 - 0x00007fff5edac000 	C:\Windows\System32\ucrtbase.dll
0x00007fff53670000 - 0x00007fff5368e000 	C:\Program Files\Microsoft\jdk-17.0.19.10-hotspot\bin\VCRUNTIME140.dll
0x00007fff537e0000 - 0x00007fff537f8000 	C:\Program Files\Microsoft\jdk-17.0.19.10-hotspot\bin\jli.dll
0x00007fff60d20000 - 0x00007fff60ee7000 	C:\Windows\System32\USER32.dll
0x00007fff4ee60000 - 0x00007fff4f0f2000 	C:\Windows\WinSxS\amd64_microsoft.windows.common-controls_6595b64144ccf1df_6.0.26100.8521_none_3e08b75ce33403b3\COMCTL32.dll
0x00007fff60100000 - 0x00007fff601a9000 	C:\Windows\System32\msvcrt.dll
0x00007fff5ee60000 - 0x00007fff5ee87000 	C:\Windows\System32\win32u.dll
0x00007fff60bf0000 - 0x00007fff60c1b000 	C:\Windows\System32\GDI32.dll
0x00007fff5ee90000 - 0x00007fff5efbb000 	C:\Windows\System32\gdi32full.dll
0x00007fff5f540000 - 0x00007fff5f5e3000 	C:\Windows\System32\msvcp_win.dll
0x00007fff60b30000 - 0x00007fff60b62000 	C:\Windows\System32\IMM32.DLL
0x00007fff59570000 - 0x00007fff5957c000 	C:\Program Files\Microsoft\jdk-17.0.19.10-hotspot\bin\vcruntime140_1.dll
0x00007ffe9a150000 - 0x00007ffe9a1d9000 	C:\Program Files\Microsoft\jdk-17.0.19.10-hotspot\bin\msvcp140.dll
0x00007ffe994d0000 - 0x00007ffe9a14b000 	C:\Program Files\Microsoft\jdk-17.0.19.10-hotspot\bin\server\jvm.dll
0x00007fff615c0000 - 0x00007fff61676000 	C:\Windows\System32\ADVAPI32.dll
0x00007fff608b0000 - 0x00007fff6095a000 	C:\Windows\System32\sechost.dll
0x00007fff61720000 - 0x00007fff61838000 	C:\Windows\System32\RPCRT4.dll
0x00007fff60390000 - 0x00007fff60410000 	C:\Windows\System32\WS2_32.dll
0x00007fff5e7c0000 - 0x00007fff5e81e000 	C:\Windows\SYSTEM32\POWRPROF.dll
0x00007fff57980000 - 0x00007fff579b6000 	C:\Windows\SYSTEM32\WINMM.dll
0x00007fff5c5b0000 - 0x00007fff5c5bb000 	C:\Windows\SYSTEM32\VERSION.dll
0x00007fff5e7a0000 - 0x00007fff5e7b4000 	C:\Windows\SYSTEM32\UMPDC.dll
0x00007fff5d8a0000 - 0x00007fff5d8bb000 	C:\Windows\SYSTEM32\kernel.appcore.dll
0x00007fff537d0000 - 0x00007fff537da000 	C:\Program Files\Microsoft\jdk-17.0.19.10-hotspot\bin\jimage.dll
0x00007fff52320000 - 0x00007fff52562000 	C:\Windows\SYSTEM32\DBGHELP.DLL
0x00007fff60440000 - 0x00007fff607c3000 	C:\Windows\System32\combase.dll
0x00007fff607d0000 - 0x00007fff608a9000 	C:\Windows\System32\OLEAUT32.dll
0x00007fff4a760000 - 0x00007fff4a79b000 	C:\Windows\SYSTEM32\dbgcore.DLL
0x00007fff5edb0000 - 0x00007fff5ee58000 	C:\Windows\System32\bcryptPrimitives.dll
0x00007ffea00e0000 - 0x00007ffea0106000 	C:\Program Files\Microsoft\jdk-17.0.19.10-hotspot\bin\java.dll

dbghelp: loaded successfully - version: 4.0.5 - missing functions: none
symbol engine: initialized successfully - sym options: 0x614 - pdb path: .;C:\Program Files\Microsoft\jdk-17.0.19.10-hotspot\bin;C:\Windows\SYSTEM32;C:\Windows\WinSxS\amd64_microsoft.windows.common-controls_6595b64144ccf1df_6.0.26100.8521_none_3e08b75ce33403b3;C:\Program Files\Microsoft\jdk-17.0.19.10-hotspot\bin\server

VM Arguments:
jvm_args: -Xmx64m -Xms64m -Dorg.gradle.appname=gradlew 
java_command: D:\Swizerfashion\android\\gradle\wrapper\gradle-wrapper.jar clean
java_class_path (initial): D:\Swizerfashion\android\\gradle\wrapper\gradle-wrapper.jar
Launcher Type: SUN_STANDARD

[Global flags]
     intx CICompilerCount                          = 4                                         {product} {ergonomic}
     uint ConcGCThreads                            = 2                                         {product} {ergonomic}
     uint G1ConcRefinementThreads                  = 8                                         {product} {ergonomic}
   size_t G1HeapRegionSize                         = 1048576                                   {product} {ergonomic}
    uintx GCDrainStackTargetSize                   = 64                                        {product} {ergonomic}
   size_t InitialHeapSize                          = 67108864                                  {product} {command line}
   size_t MarkStackSize                            = 4194304                                   {product} {ergonomic}
   size_t MaxHeapSize                              = 67108864                                  {product} {command line}
   size_t MinHeapDeltaBytes                        = 1048576                                   {product} {ergonomic}
   size_t MinHeapSize                              = 67108864                                  {product} {command line}
    uintx NonNMethodCodeHeapSize                   = 5839372                                {pd product} {ergonomic}
    uintx NonProfiledCodeHeapSize                  = 122909434                              {pd product} {ergonomic}
    uintx ProfiledCodeHeapSize                     = 122909434                              {pd product} {ergonomic}
    uintx ReservedCodeCacheSize                    = 251658240                              {pd product} {ergonomic}
     bool SegmentedCodeCache                       = true                                      {product} {ergonomic}
   size_t SoftMaxHeapSize                          = 67108864                               {manageable} {ergonomic}
     bool UseCompressedClassPointers               = true                           {product lp64_product} {ergonomic}
     bool UseCompressedOops                        = true                           {product lp64_product} {ergonomic}
     bool UseG1GC                                  = true                                      {product} {ergonomic}
     bool UseLargePagesIndividualAllocation        = false                                  {pd product} {ergonomic}

Logging:
Log output configuration:
 #0: stdout all=warning uptime,level,tags
 #1: stderr all=off uptime,level,tags

Environment Variables:
JAVA_HOME=C:\Program Files\Microsoft\jdk-17.0.19.10-hotspot\
PATH=C:\Program Files\Microsoft\jdk-17.0.19.10-hotspot\bin;C:\Program Files\Eclipse Adoptium\jdk-25.0.3.9-hotspot\bin;C:\Program Files (x86)\Common Files\Oracle\Java\java8path;C:\Program Files (x86)\Common Files\Oracle\Java\javapath;C:\Windows\system32;C:\Windows;C:\Windows\System32\Wbem;C:\Windows\System32\WindowsPowerShell\v1.0\;C:\Windows\System32\OpenSSH\;C:\Program Files\nodejs\;C:\ProgramData\chocolatey\bin;C:\Program Files\Git\cmd;C:\Users\acer\AppData\Local\Android\Sdk\platform-tools;C:\Users\acer\AppData\Local\Microsoft\WindowsApps;C:\Users\acer\AppData\Local\Programs\Microsoft VS Code\bin;C:\Users\acer\AppData\Roaming\npm;C:\Users\acer\AppData\Local\Programs\Antigravity IDE\bin;C:\Users\acer\AppData\Local\Android\Sdk\platform-tools;
USERNAME=acer
LANG=en_US.UTF-8
OS=Windows_NT
PROCESSOR_IDENTIFIER=AMD64 Family 23 Model 160 Stepping 0, AuthenticAMD
TMP=C:\Users\acer\AppData\Local\Temp
TEMP=C:\Users\acer\AppData\Local\Temp



Periodic native trim disabled


---------------  S Y S T E M  ---------------

OS:
 Windows 11 , 64 bit Build 26100 (10.0.26100.8521)
OS uptime: 0 days 5:06 hours
Hyper-V role detected

CPU: total 8 (initial active 8) (8 cores per cpu, 2 threads per core) family 23 model 160 stepping 0 microcode 0x8a00006, cx8, cmov, fxsr, ht, mmx, 3dnowpref, sse, sse2, sse3, ssse3, sse4a, sse4.1, sse4.2, popcnt, lzcnt, tsc, tscinvbit, avx, avx2, aes, clmul, bmi1, bmi2, adx, sha, fma, vzeroupper, clflush, clflushopt, hv
Processor Information for the first 8 processors :
  Max Mhz: 2401, Current Mhz: 2401, Mhz Limit: 2401

Memory: 4k page, system-wide physical 7480M (482M free)
TotalPageFile size 25011M (AvailPageFile size 5M)
current process WorkingSet (physical memory assigned to process): 12M, peak: 12M
current process commit charge ("private bytes"): 59M, peak: 123M

vm_info: OpenJDK 64-Bit Server VM (17.0.19+10-LTS) for windows-amd64 JRE (17.0.19+10-LTS), built on Apr 18 2026 18:24:40 by "MicrosoftCorporation" with MS VC++ 17.14 (VS2022)

END.
